---
title: 进程虚拟地址空间泄漏问题
date: 2021-01-15 19:00:00
tags:
    - 资源泄漏
    - 内存泄露
    - 虚拟地址空间泄漏
categories:
    - linux内核
slug: "资源管理/进程虚拟地址空间泄漏"
---


## 虚拟内存泄漏
一般情况我们说 内存泄漏，都是指的是物理内存泄漏，毕竟物理内存是实实在在的，一个进程泄漏了，那么整个系统中的可用内存就会变少。

但是linux的虚拟内存空间是各个进程之间相互隔离的，在arm64系统中 有 T,在 arm32系统中也有3G
多。但是否意味着这种 虚拟内存我们就不需要关心呢？

## 尝试复现
代码：

```
#include <stdio.h>
#include <stdlib.h>

void main(void)
{
        int i = 0;
        char *p = NULL;
        for (i = 0; i < 1024 * 1024 * 64; i++) {
                p = malloc(1024 * 1024);
                if (!p) {printf("malloc failed,p = %p, i = %d\n", p, i); break;}
                else    {printf("malloc sucess.p = %p, i = %d\n", p, i);}
                usleep(1000 * 10);
        }

        printf("malloc failed,just wait!!\n");
        while(1) {
                usleep(1000 * 10);
        }
}
```
每次尝试需分配 1G的虚拟内存，但是不会去使用，也就是不会去申请物理内存


## x86_64 平台
我一开始尝试在腾讯云 服务器上复现：

```
tencent_clould@130ubuntu: ~/workspace/test_modules/resource_leak/process_virtual_address_memleak# ./a.out
malloc sucess. p = 0x7f8e3f5c6010, i = 0
malloc sucess. p = 0x7f8e3f4c5010, i = 1
......
malloc sucess. p = 0x56771e4ba6e0, i = 461827
malloc sucess. p = 0x56771e5ba6f0, i = 461828
[1]    2721866 killed     ./a.out
```

直到最后分配到 `461828 MB` 内存的时候，`a.out` 被OOM kill了。

到底是为啥呢？？？毕竟我也没有去往 `malloc` 的虚拟地址中写数据，也不应该会分配物理页面。
从 `top` 命令看
```
top - 15:47:46 up 3 days, 15:06,  2 users,  load average: 0.24, 0.16, 0.10
Tasks: 157 total,   1 running, 156 sleeping,   0 stopped,   0 zombie
%Cpu(s):  3.3 us,  3.6 sy,  0.0 ni, 92.7 id,  0.3 wa,  0.0 hi,  0.0 si,  0.0 st
MiB Mem :   1987.9 total,     70.5 free,   1660.6 used,    256.8 buff/cache
MiB Swap:   2048.0 total,   1499.9 free,    548.1 used.    162.0 avail Mem

    PID USER      PR  NI    VIRT    RES    SHR S  %CPU  %MEM     TIME+ COMMAND
2783846 ubuntu    20   0  173.4g 683692   1380 S   0.3  33.6   0:06.86 a.out
 1378 jenkins   20   0 2510448 176168   2924 S   0.7   8.7   7:05.12 java
2779920 ubuntu    20   0  925684 107776  15196 S   1.0   5.3   0:21.10 node
2703822 ubuntu    20   0 1611828  41268  11624 S   0.3   2.0   0:24.40 node
2773158 ubuntu    20   0  702408  39436  12496 S   0.7   1.9   0:15.87
```

已经分配了 `173G` 虚拟内存，但是同时可以发现 驻留在物理内存中的页面也达到了 `683692kb`.
这到底是什么？


通过对比 运行 `mytest` 前后的 `/proc/meminfo` 文件，发现差异主要在
```
系统正常
Active(anon):     243372 kB
Inactive(anon):   267836 kB

mytest运行之后
Active(anon):     550888 kB
Inactive(anon):   576840 kB
```
说明确实是 mytest 消耗了大量的内存 用作匿名页面
接下来就需要查看具体是哪种页面消耗了物理内存了

```
tencent_clould@ubuntu: /proc/2798128# cat smaps | grep heap -A 40
7fbca3ff9000-7fc69e600000 rw-p 00000000 00:00 0                          [heap]
Size:           41850908 kB
KernelPageSize:        4 kB
MMUPageSize:           4 kB
Rss:              162844 kB
Pss:              162844 kB
Shared_Clean:          0 kB
Shared_Dirty:          0 kB
Private_Clean:         0 kB
Private_Dirty:    162844 kB
Referenced:       162844 kB
Anonymous:        162844 kB
LazyFree:              0 kB

此时top 输出
top - 16:05:47 up 3 days, 15:24,  4 users,  load average: 0.14, 0.09, 0.10
Tasks: 157 total,   1 running, 156 sleeping,   0 stopped,   0 zombie
%Cpu(s):  3.0 us,  2.7 sy,  0.0 ni, 94.0 id,  0.0 wa,  0.0 hi,  0.3 si,  0.0 st
MiB Mem :   1987.9 total,    786.6 free,    917.0 used,    284.2 buff/cache
MiB Swap:   2048.0 total,   1512.2 free,    535.8 used.    912.0 avail Mem

    PID USER      PR  NI    VIRT    RES    SHR S  %CPU  %MEM     TIME+ COMMAND
2798128 ubuntu    20   0   45.1g 185412   1408 S   0.7   9.1   0:01.66 a.out
......
等待3min
......

tencent_clould@ubuntu: /proc/2798128# cat smaps | grep heap -A 40
7fb68e600000-7fc69e600000 rw-p 00000000 00:00 0                          [heap]
Size:           67371008 kB
KernelPageSize:        4 kB
MMUPageSize:           4 kB
Rss:              262144 kB
Pss:              262144 kB
Shared_Clean:          0 kB
Shared_Dirty:          0 kB
Private_Clean:         0 kB
Private_Dirty:    262144 kB
Referenced:       262144 kB
Anonymous:        262144 kB
LazyFree:              0 kB
AnonHugePages:         0 kB


此时top 输出
top - 16:09:43 up 3 days, 15:27,  4 users,  load average: 0.24, 0.12, 0.10
Tasks: 159 total,   1 running, 158 sleeping,   0 stopped,   0 zombie
%Cpu(s):  2.7 us,  3.4 sy,  0.0 ni, 90.3 id,  3.7 wa,  0.0 hi,  0.0 si,  0.0 st
MiB Mem :   1987.9 total,    585.4 free,   1072.9 used,    329.5 buff/cache
MiB Swap:   2048.0 total,   1523.9 free,    524.1 used.    754.9 avail Mem

    PID USER      PR  NI    VIRT    RES    SHR S  %CPU  %MEM     TIME+ COMMAND
2798128 ubuntu    20   0   67.9g 278604   1408 S   0.3  13.7   0:02.55 a.out
```

可以看到虽然 没有往堆内存中写入数据，但是还是消耗了较多的物理内存？这是怎么回事？

1. 猜想一， 可能是一直连续分配虚拟内存，导致 `vma` 使用很多？
通过查看 /proc/slabinfo 和 /proc/pid/maps 看堆内存就一块，基本没有分块的，kernel中也有
`vma_merge` 的操作，所以应该不是vma 占用的内存

2. ??？
我还没有其他头绪，为什么会占用物理内存

## arm32 平台
然后想了想，x86_64平台可能是虚拟内存太大，复现时间成本有点高
就使用了公司的板子，重新编译了一遍，在一个 `arm32` 板子上运行

```
root@device_gls:/ # mytest
malloc sucess. p = 0xb6b00000, i = 0
malloc sucess. p = 0xb6a00000, i = 1
malloc sucess. p = 0xb6900000, i = 2
malloc sucess. p = 0xb6800000, i = 3
malloc sucess. p = 0xb6700000, i = 4
malloc sucess. p = 0xb6600000, i = 5
malloc sucess. p = 0xb6500000, i = 6
......
malloc sucess. p = 0x10380000, i = 2663
malloc sucess. p = 0x10280000, i = 2664
malloc sucess. p = 0x10180000, i = 2665
malloc sucess. p = 0x10080000, i = 2666
......
malloc sucess. p = 0xff80000, i = 2667
malloc sucess. p = 0xfe80000, i = 2668
malloc sucess. p = 0xfd80000, i = 2669
malloc sucess. p = 0xfc80000, i = 2670
......
malloc sucess. p = 0x4180000, i = 2857
malloc sucess. p = 0x4080000, i = 2858
malloc sucess. p = 0x3f80000, i = 2859
......
malloc sucess. p = 0x1080000, i = 2906
malloc sucess. p = 0xf80000, i = 2907
malloc sucess. p = 0xe80000, i = 2908
......
malloc sucess. p = 0x80000, i = 2922
malloc sucess. p = 0xb6f80000, i = 2923
malloc sucess. p = 0xb7080000, i = 2924
......
malloc sucess. p = 0xbe880000, i = 3044
malloc sucess. p = 0xbe980000, i = 3045
malloc sucess. p = 0xbea80000, i = 3046
malloc sucess. p = 0xbed80000, i = 3047
malloc failed, p = 0x0, i = 3048
malloc failed,just wait!!
```


可以看到，`arm32` 平台在分配了 `3038MB` 虚拟内存之后，在分配第3039块1MB的内存时，由于虚拟地
址空间用完了，不能再继续分配虚拟内存？

可以看到此时 `mytest` 进程的地址空间
```
root@device_gls:/proc/1293 # cat maps
00080000-7f580000 rw-p 00000000 00:00 0          [anon:libc_malloc]
7f5cd000-7f5d0000 r-xp 00000000 103:0f 1523      /system/bin/mytest
7f5d0000-7f5d1000 r--p 00002000 103:0f 1523      /system/bin/mytest
7f5d1000-7f5d2000 rw-p 00000000 00:00 0          [heap]
7f600000-b6d00000 rw-p 00000000 00:00 0          [anon:libc_malloc]
b6d64000-b6d68000 r-xp 00000000 103:0f 1428      /system/lib/libnetd_client.so
b6d68000-b6d69000 r--p 00003000 103:0f 1428      /system/lib/libnetd_client.so
b6d69000-b6d6a000 rw-p 00004000 103:0f 1428      /system/lib/libnetd_client.so
b6d6a000-b6d8a000 r--s 00000000 00:0f 11859      /dev/__properties__
b6d8a000-b6d8b000 rw-p 00000000 00:00 0          [anon:linker_alloc_vector]
b6d8c000-b6d8d000 rw-p 00000000 00:00 0          [anon:linker_alloc_vector]
b6d8d000-b6dac000 r-xp 00000000 103:0f 1421      /system/lib/libm.so
b6dac000-b6dad000 ---p 00000000 00:00 0
b6dad000-b6dae000 r--p 0001f000 103:0f 1421      /system/lib/libm.so
b6dae000-b6daf000 rw-p 00020000 103:0f 1421      /system/lib/libm.so
b6daf000-b6e23000 r-xp 00000000 103:0f 1355      /system/lib/libc.so
b6e23000-b6e27000 r--p 00073000 103:0f 1355      /system/lib/libc.so
b6e27000-b6e2a000 rw-p 00077000 103:0f 1355      /system/lib/libc.so
b6e2a000-b6e34000 rw-p 00000000 00:00 0
b6e34000-b6ebc000 r-xp 00000000 103:0f 1354      /system/lib/libc++.so
b6ebc000-b6ebd000 ---p 00000000 00:00 0
b6ebd000-b6ec1000 r--p 00088000 103:0f 1354      /system/lib/libc++.so
b6ec1000-b6ec2000 rw-p 0008c000 103:0f 1354      /system/lib/libc++.so
b6ec2000-b6ec3000 rw-p 00000000 00:00 0
b6ec3000-b6ec4000 r--p 00000000 00:00 0
b6ec4000-b6ec5000 r--p 00000000 00:00 0          [anon:linker_alloc]
b6ec5000-b6ec6000 rw-p 00000000 00:00 0          [anon:linker_alloc]
b6ec6000-b6ec7000 rw-p 00000000 00:00 0          [anon:linker_alloc_vector]
b6ec7000-b6ec8000 rw-p 00000000 00:00 0          [anon:linker_alloc_32]
b6ec8000-b6ec9000 r--p 00000000 00:00 0          [anon:linker_alloc]
b6ec9000-b6ee9000 r--s 00000000 00:0f 11859      /dev/__properties__
b6ee9000-b6eea000 r--p 00000000 00:00 0
b6eea000-b6eeb000 ---p 00000000 00:00 0
b6eeb000-b6eed000 rw-p 00000000 00:00 0          [anon:thread signal stack]
b6eed000-b6f0a000 r-xp 00000000 103:0f 170       /system/bin/linker
b6f0a000-b6f0b000 r--p 0001c000 103:0f 170       /system/bin/linker
b6f0b000-b6f0d000 rw-p 0001d000 103:0f 170       /system/bin/linker
b6f0d000-b6f0f000 rw-p 00000000 00:00 0
b6f80000-beb80000 rw-p 00000000 00:00 0          [anon:libc_malloc]
bed01000-bed22000 rw-p 00000000 00:00 0          [stack]
bed80000-bee80000 rw-p 00000000 00:00 0          [anon:libc_malloc]
bef66000-bef67000 r-xp 00000000 00:00 0          [sigpage]
bef67000-bef68000 r--p 00000000 00:00 0          [vvar]
bef68000-bef69000 r-xp 00000000 00:00 0          [vdso]
ffff0000-ffff1000 r-xp 00000000 00:00 0          [vectors]
root@device_gls:/proc/1293 #
```


我们看 `libc_malloc` 区域的 的大小

```
00080000-7f580000 rw-p 00000000 00:00 0          [anon:libc_malloc]  == 2037MB
7f600000-b6d00000 rw-p 00000000 00:00 0          [anon:libc_malloc]  == 887MB
b6f80000-beb80000 rw-p 00000000 00:00 0          [anon:libc_malloc]  == 124MB
bed80000-bee80000 rw-p 00000000 00:00 0          [anon:libc_malloc]  == 1MB
```
总和是 `2037 + 887 + 124 + 1 = 3049MB`

这是项目中一个实际的bug，场景是 直播盒子 做长跑测试的时候，每到7天左右，直播业务就会因
为malloc失败而导致失败，但是由于业务代码写的问题，没有检查 malloc返回值的原因，导致业
务应用会crash, 现象是空指针错误。。很难联想到是因为进程虚拟地址空间全部泄漏导致的问题。
业务的小伙伴差了一个多月都没有头绪。。


在 `arm32` 设备上，
User 14 + Nice 0 + Sys 49 + Idle 246 + IOW 1 + IRQ 0 + SIRQ 0 = 310

  PID PR CPU% S  #THR     VSS     RSS PCY UID      Name
 3592  0   0% S     1 3124044K   1688K  fg root     mytest

RSS 也占用了一些，但是远没 X86设备上夸张
```
Inspiron-5548@ubuntu: ~/workspace# cat /tmp/123 | grep Rss
Rss:                   0 kB
Rss:                  12 kB
Rss:                   4 kB
Rss:                   0 kB
Rss:                 256 kB
Rss:                  16 kB
Rss:                   4 kB
Rss:                   4 kB
Rss:                  28 kB
Rss:                   4 kB
Rss:                   4 kB
Rss:                  64 kB
Rss:                   0 kB
Rss:                   4 kB
Rss:                   4 kB
Rss:                 460 kB
Rss:                  16 kB
Rss:                  12 kB
Rss:                  28 kB
Rss:                 536 kB
Rss:                   0 kB
Rss:                  16 kB
Rss:                   4 kB
Rss:                   4 kB
Rss:                   4 kB
Rss:                   4 kB
Rss:                   4 kB
Rss:                   4 kB
Rss:                   4 kB
Rss:                   4 kB
Rss:                  28 kB
Rss:                   4 kB
Rss:                   0 kB
Rss:                   0 kB
Rss:                 116 kB
Rss:                   4 kB
Rss:                   8 kB
Rss:                   8 kB
Rss:                   0 kB
Rss:                   8 kB
Rss:                   0 kB
Rss:                   4 kB
Rss:                   4 kB
Rss:                   0 kB
```
其中 malloc 的 rss 只占用 `256Kb`,大部分是 libc, libc++ libm的代码段占用

```
7f680000-b6d80000 rw-p 00000000 00:00 0          [anon:libc_malloc]
Name:           [anon:libc_malloc]
Size:             908288 kB
Rss:                 256 kB
Pss:                 256 kB
Shared_Clean:          0 kB
Shared_Dirty:          0 kB
Private_Clean:         0 kB
Private_Dirty:       256 kB
Referenced:          256 kB
Anonymous:           256 kB
```

由此可见
1. 进程虚拟地址空间泄漏还是有可能会存在的，尽管可能概率非常低，对系统危害也比物理内存泄漏小很
多。但是一旦发生，他的危害对于业务本身也是致命的，必须重启业务或者系统来恢复。

2. 编程习惯养好，一定需要检查函数返回值。



































