---
title: 快速消耗完物理内存
date: 2020-09-05 19:00:00
tags:
    - 内管管理
    - OOM
categories:
    - linux内核
---

## 题目
之前遇到一个面试，是写一个快速消耗完物理内存的代码

需要注意的是是物理内存，很多不了解内核的同学往往会忽视这一点
主要考察的是linux 内存分配的延迟分配策略

## 内存分配的延迟分配
主要是说linux 应用程序在通过brk系统调用向linux内核申请内存时，都是申请的虚拟内存，
只有在这个内存真正被使用（访问）的时候，kernel会发生缺页中断，进而去分配物理内存。

## 解答
那这个问题就变成了，分配很多内存，且分配之后去访问一下，让内核产生缺页中断，给申请的虚拟内存分配物理内存

``` [C]
#include <stdio.h>

int main(int argc, char **argv)
{
    int *p = NULL;
    int i = 0, j = 0;

    for (i = 0; i < (1 << 30); i++) {
        for (j = 0; i < (1 << 30); j++) {
            p = (int *)malloc(4096);
            p = 1;
        }
    }

    return 0;
}
```

我在ubuntu20.04上运行这个代码之后，几秒钟后这个a.out就被oomkill干掉了
dmesg 最后打印的消息是
```
[992416.124437] node invoked oom-killer: gfp_mask=0x100cca(GFP_HIGHUSER_MOVABLE), order=0, oom_score_adj=0
[992416.128825] CPU: 1 PID: 44301 Comm: node Kdump: loaded Not tainted 5.4.44 #1
[992416.128825] Hardware name: VMware, Inc. VMware Virtual Platform/440BX Desktop Reference Platform, BIOS 6.00 07/29/2019
[992416.128826] Call Trace:
[992416.144917]  dump_stack+0x6d/0x9a
[992416.145738]  dump_header+0x4f/0x1eb
[992416.145742]  oom_kill_process.cold+0xb/0x10
[992416.145743]  out_of_memory+0x1bc/0x490
[992416.145777]  __alloc_pages_slowpath+0xd5e/0xe50
[992416.145793]  ? __switch_to_asm+0x40/0x70
[992416.145795]  __alloc_pages_nodemask+0x2d0/0x320
[992416.145811]  alloc_pages_current+0x87/0xe0
[992416.146058]  __page_cache_alloc+0x72/0x90
[992416.146061]  pagecache_get_page+0xbf/0x300
[992416.146062]  filemap_fault+0x69a/0xa40
[992416.146143]  ? unlock_page_memcg+0x12/0x20
[992416.146166]  ? page_add_file_rmap+0xff/0x1a0
[992416.146181]  ? xas_load+0xd/0x80
[992416.146182]  ? xas_find+0x17f/0x1c0
[992416.146184]  ? filemap_map_pages+0x24c/0x380
[992416.146458]  ext4_filemap_fault+0x32/0x46
[992416.146475]  __do_fault+0x3c/0x130
[992416.146477]  __handle_mm_fault+0xff5/0x1700
[992416.146723]  ? hrtimer_init_sleeper+0x90/0x90
[992416.146726]  handle_mm_fault+0xca/0x200
[992416.147382]  do_user_addr_fault+0x1f9/0x450
[992416.147385]  __do_page_fault+0x58/0x90
[992416.147386]  do_page_fault+0x2c/0xe0
[992416.147387]  page_fault+0x34/0x40
[992416.147623] RIP: 0033:0x7f9a73ac1210
[992416.147628] Code: Bad RIP value.
[992416.147629] RSP: 002b:00007ffc77fb2448 EFLAGS: 00010213
[992416.147646] RAX: 00007f9a739de698 RBX: 000000000000000b RCX: 00007f9a73b03266
[992416.147646] RDX: 0000000000000400 RSI: 00007ffc77fb24a0 RDI: 0000000000000001
[992416.147974] RBP: 00007ffc77fb5560 R08: 0000000000000000 R09: 0000000000000008
[992416.147975] R10: 0000000000001388 R11: 0000000000000000 R12: 0000000000001388
[992416.147976] R13: 0000000000000000 R14: 0000000002887f98 R15: 0000000002887f40
[992416.148030] Mem-Info:
[992416.148188] active_anon:478453 inactive_anon:255010 isolated_anon:0
                 active_file:161 inactive_file:27 isolated_file:0
                 unevictable:16 dirty:0 writeback:0 unstable:0
                 slab_reclaimable:26060 slab_unreclaimable:48649
                 mapped:35873 shmem:35877 pagetables:8285 bounce:0
                 free:21419 free_pcp:0 free_cma:0
[992416.148190] Node 0 active_anon:1913812kB inactive_anon:1020040kB active_file:644kB inactive_file:108kB unevictable:64kB isolated(anon):0kB isolated(file):0kB mapped:143492kB dirty:0kB writeback:0kB shmem:143508kB shmem_thp: 0kB shmem_pmdmapped: 0kB anon_thp: 0kB writeback_tmp:0kB unstable:0kB all_unreclaimable? no
[992416.148191] Node 0 DMA free:14928kB min:284kB low:352kB high:420kB active_anon:748kB inactive_anon:104kB active_file:0kB inactive_file:0kB unevictable:0kB writepending:0kB present:15988kB managed:15904kB mlocked:0kB kernel_stack:0kB pagetables:0kB bounce:0kB free_pcp:0kB local_pcp:0kB free_cma:0kB
[992416.148193] lowmem_reserve[]: 0 2772 3665 3665 3665
[992416.148194] Node 0 DMA32 free:54416kB min:50896kB low:63620kB high:76344kB active_anon:1478944kB inactive_anon:856680kB active_file:20kB inactive_file:416kB unevictable:0kB writepending:0kB present:3129152kB managed:2867008kB mlocked:0kB kernel_stack:10032kB pagetables:26552kB bounce:0kB free_pcp:0kB local_pcp:0kB free_cma:0kB
[992416.148196] lowmem_reserve[]: 0 0 893 893 893
[992416.148196] Node 0 Normal free:16332kB min:16400kB low:20500kB high:24600kB active_anon:434120kB inactive_anon:163256kB active_file:476kB inactive_file:412kB unevictable:64kB writepending:0kB present:1048576kB managed:922756kB mlocked:64kB kernel_stack:7056kB pagetables:6588kB bounce:0kB free_pcp:0kB local_pcp:0kB free_cma:0kB
[992416.148198] lowmem_reserve[]: 0 0 0 0 0
[992416.148199] Node 0 DMA: 8*4kB (UM) 6*8kB (UM) 6*16kB (U) 7*32kB (UM) 1*64kB (U) 1*128kB (M) 0*256kB 0*512kB 2*1024kB (UM) 0*2048kB 3*4096kB (ME) = 14928kB
[992416.148202] Node 0 DMA32: 2340*4kB (UME) 1077*8kB (UME) 606*16kB (UME) 419*32kB (UME) 180*64kB (UME) 18*128kB (UME) 1*256kB (M) 0*512kB 0*1024kB 0*2048kB 0*4096kB = 55160kB
[992416.148205] Node 0 Normal: 1046*4kB (UME) 629*8kB (UME) 246*16kB (UME) 110*32kB (UME) 2*64kB (M) 0*128kB 0*256kB 0*512kB 0*1024kB 0*2048kB 0*4096kB = 16800kB
[992416.148413] Node 0 hugepages_total=0 hugepages_free=0 hugepages_surp=0 hugepages_size=1048576kB
[992416.148413] Node 0 hugepages_total=0 hugepages_free=0 hugepages_surp=0 hugepages_size=2048kB
[992416.148414] 43441 total pagecache pages
[992416.148415] 7332 pages in swap cache
[992416.148415] Swap cache stats: add 540973, delete 533621, find 171870/177923
[992416.148416] Free swap  = 0kB
[992416.148416] Total swap = 2097148kB
[992416.148416] 1048429 pages RAM
[992416.148417] 0 pages HighMem/MovableOnly
[992416.148417] 97012 pages reserved
[992416.148417] 0 pages cma reserved
[992416.148417] 0 pages hwpoisoned
[992416.148418] Tasks state (memory values in pages):
[992416.148418] [  pid  ]   uid  tgid total_vm      rss pgtables_bytes swapents oom_score_adj name
[992416.148431] [    348]     0   348    13050       18   122880      480          -250 systemd-journal
[992416.148448] [    381]     0   381     5900      117    65536      707         -1000 systemd-udevd
#省略了很多进程内存信息的打印..............
[992416.148679] [ 140627]  1000 140627     5180      168    73728       68             0 top
[992416.148680] [ 140709]  1000 140709     4177        0    61440       22             0 sleep
[992416.148681] [ 140711]  1000 140711   687213   440843  5550080   243091             0 a.out
[992416.148682] oom-kill:constraint=CONSTRAINT_NONE,nodemask=(null),cpuset=/,mems_allowed=0,global_oom,task_memcg=/user.slice/user-1000.slice/session-4.scope,task=a.out,pid=140711,uid=1000
[992416.148857] Out of memory: Killed process 140711 (a.out) total-vm:2748852kB, anon-rss:1763368kB, file-rss:4kB, shmem-rss:0kB, UID:1000 pgtables:5420kB oom_score_adj:0
[992416.268209] oom_reaper: reaped process 140711 (a.out), now anon-rss:0kB, file-rss:0kB, shmem-rss:0kB
```
在OOM的时候，kernel将内核栈都print出来了，原因是 __alloc_pages_slowpath 之后没有成功，然后就 out_of_memory 启动了大杀器 OOMkill process.

## Oom Killer 杀进程策略
在这个例子中，看到最后杀死的进程是 a.out
```
[992416.148857] Out of memory: Killed process 140711 (a.out)
```
为什么是a.out被杀呢？
可以看一下 out_of_memory 代码
```
unsigned long oom_badness(struct task_struct *p, unsigned long totalpages)
{
	long points;
	long adj;

	if (oom_unkillable_task(p)) // init 进程 和内核线程不能被选中
		return 0;
	adj = (long)p->signal->oom_score_adj;

	/*
	 * The baseline for the badness score is the proportion of RAM that each
	 * task's rss, pagetable and swap space use.
	 */
	points = get_mm_rss(p->mm) + get_mm_counter(p->mm, MM_SWAPENTS) +
		mm_pgtables_bytes(p->mm) / PAGE_SIZE; // 考虑进程的 FILE ANON SHMEM  SWAP 分区占用  和 页表PTE 占用的内存
}

static int oom_evaluate_task(struct task_struct *task, void *arg)
{
	points = oom_badness(task, oc->totalpages);
}

static void select_bad_process(struct oom_control *oc)
{
    struct task_struct *p;

    rcu_read_lock();
    for_each_process(p)
        if (oom_evaluate_task(p, oc))
            break;
    rcu_read_unlock();
}

bool out_of_memory(struct oom_control *oc)
{
	check_panic_on_oom(oc);

	select_bad_process(oc);

	if (oc->chosen && oc->chosen != (void *)-1UL)
		oom_kill_process(oc, !is_memcg_oom(oc) ? "Out of memory" :
				 "Memory cgroup out of memory");
	return !!oc->chosen;
}
```
select_bad_process 会选择一个最坏的一个 process，这个坏怎么定义呢，
可以看到 oom_badness 主要是针对用户进程的  FILE ANON SHMEM  SWAP 分区占用  和 页表PTE 占用的内存 做了一个评估 和 事先设置的 p->signal->oom_score_adj 值
所以一般不建议 给一般进程设置 很小的 p->signal->oom_score_adj值，这样会导致 进程在内存泄露时 无法被OOM选中，从而误杀其他进程。

一般触发OOM有两种：
```
1. pagefault_out_of_memory --> out_of_memory
2. __alloc_pages_slowpath --> __alloc_pages_may_oom --> out_of_memory
```
我们刚刚遇到的这次就是 读入page cache 需要分配内存，内存不够导致的一次
OOM
```
[992416.146062]  filemap_fault+0x69a/0xa40
[992416.146143]  ? unlock_page_memcg+0x12/0x20
[992416.146166]  ? page_add_file_rmap+0xff/0x1a0
[992416.146181]  ? xas_load+0xd/0x80
[992416.146182]  ? xas_find+0x17f/0x1c0
[992416.146184]  ? filemap_map_pages+0x24c/0x380
[992416.146458]  ext4_filemap_fault+0x32/0x46
[992416.146475]  __do_fault+0x3c/0x130
[992416.146477]  __handle_mm_fault+0xff5/0x1700
[992416.146723]  ? hrtimer_init_sleeper+0x90/0x90
[992416.146726]  handle_mm_fault+0xca/0x200
[992416.147382]  do_user_addr_fault+0x1f9/0x450
[992416.147385]  __do_page_fault+0x58/0x90
[992416.147386]  do_page_fault+0x2c/0xe0
[992416.147387]  page_fault+0x34/0x40
```
关于OOM 还有很多需要注意的，就不在这里细说了